/var/spool/slurmd/job20519119/slurm_script: line 11: load_picca_plots: command not found
2024-01-18 16:39:08.645688: W tensorflow/stream_executor/platform/default/dso_loader.cc:60] Could not load dynamic library 'libcudart.so.11.0'; dlerror: libcudart.so.11.0: cannot open shared object file: No such file or directory; LD_LIBRARY_PATH: /global/u1/t/tanting/fitter2_tutorial/PolyChordLite/lib:/global/u1/t/tanting/DESI_analysis/theoretical_pk/fisher_forecast/openmpi-4.1.2/lib:/global/u1/t/tanting/fitter2_tutorial/PolyChordLite/lib:/global/u1/t/tanting/DESI_analysis/theoretical_pk/fisher_forecast/openmpi-4.1.2/lib:/global/common/software/nersc/pm-2022q4/sw/evp-patch/lib64:/global/u1/t/tanting/fitter2_tutorial/PolyChordLite/lib:/global/u1/t/tanting/DESI_analysis/theoretical_pk/fisher_forecast/openmpi-4.1.2/lib:/usr/local/cuda-12.2/compat:/opt/nvidia/hpc_sdk/Linux_x86_64/23.9/math_libs/12.2/lib64:/opt/nvidia/hpc_sdk/Linux_x86_64/23.9/cuda/12.2/extras/CUPTI/lib64:/opt/nvidia/hpc_sdk/Linux_x86_64/23.9/cuda/12.2/extras/Debugger/lib64:/opt/nvidia/hpc_sdk/Linux_x86_64/23.9/cuda/12.2/nvvm/lib64:/opt/nvidia/hpc_sdk/Linux_x86_64/23.9/cuda/12.2/lib64:/opt/cray/pe/papi/7.0.1.2/lib64:/opt/cray/libfabric/1.15.2.0/lib64:/opt/cray/libfabric/1.15.2.0/lib64:/opt/cray/libfabric/1.15.2.0/lib64
2024-01-18 16:39:08.645712: I tensorflow/stream_executor/cuda/cudart_stub.cc:29] Ignore above cudart dlerror if you do not have a GPU set up on your machine.
multiprocessing.pool.RemoteTraceback: 
"""
Traceback (most recent call last):
  File "/global/homes/t/tanting/.conda/envs/picca_plots/lib/python3.6/multiprocessing/pool.py", line 119, in worker
    result = (True, func(*args, **kwds))
  File "/global/homes/t/tanting/.conda/envs/picca_plots/lib/python3.6/multiprocessing/pool.py", line 44, in mapstar
    return list(map(*args))
  File "/global/u1/t/tanting/DESI_analysis/desi-dlas/desi_mock_iron1.py", line 78, in run_finder
    predictions_desi(sightline_loc,partpre_loc)
  File "/global/u1/t/tanting/DESI_analysis/desi-dlas/desidlas/prediction/multiprocess_partprediction.py", line 113, in predictions_desi
    p=multiprocessing.Pool(processes=30)
  File "/global/homes/t/tanting/.conda/envs/picca_plots/lib/python3.6/multiprocessing/context.py", line 119, in Pool
    context=self.get_context())
  File "/global/homes/t/tanting/.conda/envs/picca_plots/lib/python3.6/multiprocessing/pool.py", line 174, in __init__
    self._repopulate_pool()
  File "/global/homes/t/tanting/.conda/envs/picca_plots/lib/python3.6/multiprocessing/pool.py", line 239, in _repopulate_pool
    w.start()
  File "/global/homes/t/tanting/.conda/envs/picca_plots/lib/python3.6/multiprocessing/process.py", line 103, in start
    'daemonic processes are not allowed to have children'
AssertionError: daemonic processes are not allowed to have children
"""

The above exception was the direct cause of the following exception:

Traceback (most recent call last):
  File "/global/u1/t/tanting/DESI_analysis/desi-dlas/desi_mock_iron1.py", line 93, in <module>
    run_complex_operations(run_finder, range(num_nodes), processes_pool)        
  File "/global/u1/t/tanting/DESI_analysis/desi-dlas/desi_mock_iron1.py", line 90, in run_complex_operations
    pool.map(operation, inputt)
  File "/global/homes/t/tanting/.conda/envs/picca_plots/lib/python3.6/multiprocessing/pool.py", line 266, in map
    return self._map_async(func, iterable, mapstar, chunksize).get()
  File "/global/homes/t/tanting/.conda/envs/picca_plots/lib/python3.6/multiprocessing/pool.py", line 644, in get
    raise self._value
  File "/global/homes/t/tanting/.conda/envs/picca_plots/lib/python3.6/multiprocessing/pool.py", line 119, in worker
    result = (True, func(*args, **kwds))
  File "/global/homes/t/tanting/.conda/envs/picca_plots/lib/python3.6/multiprocessing/pool.py", line 44, in mapstar
    return list(map(*args))
  File "/global/u1/t/tanting/DESI_analysis/desi-dlas/desi_mock_iron1.py", line 78, in run_finder
    predictions_desi(sightline_loc,partpre_loc)
  File "/global/u1/t/tanting/DESI_analysis/desi-dlas/desidlas/prediction/multiprocess_partprediction.py", line 113, in predictions_desi
    p=multiprocessing.Pool(processes=30)
  File "/global/homes/t/tanting/.conda/envs/picca_plots/lib/python3.6/multiprocessing/context.py", line 119, in Pool
    context=self.get_context())
  File "/global/homes/t/tanting/.conda/envs/picca_plots/lib/python3.6/multiprocessing/pool.py", line 174, in __init__
    self._repopulate_pool()
  File "/global/homes/t/tanting/.conda/envs/picca_plots/lib/python3.6/multiprocessing/pool.py", line 239, in _repopulate_pool
    w.start()
  File "/global/homes/t/tanting/.conda/envs/picca_plots/lib/python3.6/multiprocessing/process.py", line 103, in start
    'daemonic processes are not allowed to have children'
AssertionError: daemonic processes are not allowed to have children
srun: error: nid004847: task 0: Exited with exit code 1
srun: Terminating StepId=20519119.0
